  Determining projects to restore...
  All projects are up-to-date for restore.
CSC : warning DX1000: For evaluation purposes only. Redistribution prohibited. Please register an existing license (devexpress.com/DX1000) or purchase a new license (devexpress.com/BUY) to continue use of the following DevExpress product libraries: DevExpress.Blazor* (DevExpressServiceCollectionExtensions) - Included in Subscriptions: Universal, DXperience, ASP.NET [C:\Users\DELL\Downloads\tueday 30-12-25\EyeHospitalPOS\EyeHospitalPOS.csproj]
C:\Users\DELL\Downloads\tueday 30-12-25\EyeHospitalPOS\App.razor(2,1): warning RZ10012: Found markup element with unexpected name 'DxResourceManager'. If this is intended to be a component, add a @using directive for its namespace. [C:\Users\DELL\Downloads\tueday 30-12-25\EyeHospitalPOS\EyeHospitalPOS.csproj]
C:\Users\DELL\Downloads\tueday 30-12-25\EyeHospitalPOS\obj\Debug\net8.0\Microsoft.CodeAnalysis.Razor.Compiler\Microsoft.NET.Sdk.Razor.SourceGenerators.RazorSourceGenerator\Pages_Inventory_PurchaseOrderForm_razor.g.cs(3076,56): warning CS0618: 'DxDropDownListEditorBase<TData, TValue>.FilteringMode' is obsolete: 'This property is now obsolete. Use SearchMode and SearchFilterCondition properties instead.' [C:\Users\DELL\Downloads\tueday 30-12-25\EyeHospitalPOS\EyeHospitalPOS.csproj]
C:\Users\DELL\Downloads\tueday 30-12-25\EyeHospitalPOS\obj\Debug\net8.0\Microsoft.CodeAnalysis.Razor.Compiler\Microsoft.NET.Sdk.Razor.SourceGenerators.RazorSourceGenerator\Pages_Inventory_PurchaseOrderForm_razor.g.cs(3224,56): warning CS0618: 'DxDropDownListEditorBase<TData, TValue>.FilteringMode' is obsolete: 'This property is now obsolete. Use SearchMode and SearchFilterCondition properties instead.' [C:\Users\DELL\Downloads\tueday 30-12-25\EyeHospitalPOS\EyeHospitalPOS.csproj]
C:\Users\DELL\Downloads\tueday 30-12-25\EyeHospitalPOS\obj\Debug\net8.0\Microsoft.CodeAnalysis.Razor.Compiler\Microsoft.NET.Sdk.Razor.SourceGenerators.RazorSourceGenerator\Pages_Inventory_InventoryReceivingForm_razor.g.cs(3061,56): warning CS0618: 'DxDropDownListEditorBase<TData, TValue>.FilteringMode' is obsolete: 'This property is now obsolete. Use SearchMode and SearchFilterCondition properties instead.' [C:\Users\DELL\Downloads\tueday 30-12-25\EyeHospitalPOS\EyeHospitalPOS.csproj]
C:\Users\DELL\Downloads\tueday 30-12-25\EyeHospitalPOS\obj\Debug\net8.0\Microsoft.CodeAnalysis.Razor.Compiler\Microsoft.NET.Sdk.Razor.SourceGenerators.RazorSourceGenerator\Pages_Inventory_InventoryReceivingForm_razor.g.cs(3209,56): warning CS0618: 'DxDropDownListEditorBase<TData, TValue>.FilteringMode' is obsolete: 'This property is now obsolete. Use SearchMode and SearchFilterCondition properties instead.' [C:\Users\DELL\Downloads\tueday 30-12-25\EyeHospitalPOS\EyeHospitalPOS.csproj]
C:\Users\DELL\Downloads\tueday 30-12-25\EyeHospitalPOS\Shared\SurveyPrompt.razor(15,19): warning CS8618: Non-nullable property 'Title' must contain a non-null value when exiting constructor. Consider adding the 'required' modifier or declaring the property as nullable. [C:\Users\DELL\Downloads\tueday 30-12-25\EyeHospitalPOS\EyeHospitalPOS.csproj]
C:\Users\DELL\Downloads\tueday 30-12-25\EyeHospitalPOS\Shared\RedirectToLogin.razor(4,35): warning CS1998: This async method lacks 'await' operators and will run synchronously. Consider using the 'await' operator to await non-blocking API calls, or 'await Task.Run(...)' to do CPU-bound work on a background thread. [C:\Users\DELL\Downloads\tueday 30-12-25\EyeHospitalPOS\EyeHospitalPOS.csproj]
C:\Users\DELL\Downloads\tueday 30-12-25\EyeHospitalPOS\Components\CameraScannerModal.razor(247,24): warning CS1998: This async method lacks 'await' operators and will run synchronously. Consider using the 'await' operator to await non-blocking API calls, or 'await Task.Run(...)' to do CPU-bound work on a background thread. [C:\Users\DELL\Downloads\tueday 30-12-25\EyeHospitalPOS\EyeHospitalPOS.csproj]
C:\Users\DELL\Downloads\tueday 30-12-25\EyeHospitalPOS\Controllers\Api\SalesController.cs(79,49): warning CS1998: This async method lacks 'await' operators and will run synchronously. Consider using the 'await' operator to await non-blocking API calls, or 'await Task.Run(...)' to do CPU-bound work on a background thread. [C:\Users\DELL\Downloads\tueday 30-12-25\EyeHospitalPOS\EyeHospitalPOS.csproj]
C:\Users\DELL\Downloads\tueday 30-12-25\EyeHospitalPOS\obj\Debug\net8.0\Microsoft.CodeAnalysis.Razor.Compiler\Microsoft.NET.Sdk.Razor.SourceGenerators.RazorSourceGenerator\App_razor.g.cs(123,60): warning CS0618: 'Router.PreferExactMatches' is obsolete: 'This property is obsolete and configuring it has not effect.' [C:\Users\DELL\Downloads\tueday 30-12-25\EyeHospitalPOS\EyeHospitalPOS.csproj]
C:\Users\DELL\Downloads\tueday 30-12-25\EyeHospitalPOS\Startup.cs(40,55): warning CS0618: 'GlobalOptions.BootstrapVersion' is obsolete: 'This property is obsolete now.' [C:\Users\DELL\Downloads\tueday 30-12-25\EyeHospitalPOS\EyeHospitalPOS.csproj]
C:\Users\DELL\Downloads\tueday 30-12-25\EyeHospitalPOS\Startup.cs(40,84): warning CS0618: 'BootstrapVersion' is obsolete: 'This enumeration is obsolete now.' [C:\Users\DELL\Downloads\tueday 30-12-25\EyeHospitalPOS\EyeHospitalPOS.csproj]
C:\Users\DELL\Downloads\tueday 30-12-25\EyeHospitalPOS\Data\WeatherForecast.cs(13,23): warning CS8618: Non-nullable property 'Summary' must contain a non-null value when exiting constructor. Consider adding the 'required' modifier or declaring the property as nullable. [C:\Users\DELL\Downloads\tueday 30-12-25\EyeHospitalPOS\EyeHospitalPOS.csproj]
C:\Users\DELL\Downloads\tueday 30-12-25\EyeHospitalPOS\Services\SalesService.cs(71,26): warning CS8620: Argument of type 'IIncludableQueryable<Sale, ICollection<SaleItem>?>' cannot be used for parameter 'source' of type 'IIncludableQueryable<Sale, IEnumerable<SaleItem>>' in 'IIncludableQueryable<Sale, Product?> EntityFrameworkQueryableExtensions.ThenInclude<Sale, SaleItem, Product?>(IIncludableQueryable<Sale, IEnumerable<SaleItem>> source, Expression<Func<SaleItem, Product?>> navigationPropertyPath)' due to differences in the nullability of reference types. [C:\Users\DELL\Downloads\tueday 30-12-25\EyeHospitalPOS\EyeHospitalPOS.csproj]
C:\Users\DELL\Downloads\tueday 30-12-25\EyeHospitalPOS\Services\SalesService.cs(82,26): warning CS8620: Argument of type 'IIncludableQueryable<Sale, ICollection<SaleItem>?>' cannot be used for parameter 'source' of type 'IIncludableQueryable<Sale, IEnumerable<SaleItem>>' in 'IIncludableQueryable<Sale, Product?> EntityFrameworkQueryableExtensions.ThenInclude<Sale, SaleItem, Product?>(IIncludableQueryable<Sale, IEnumerable<SaleItem>> source, Expression<Func<SaleItem, Product?>> navigationPropertyPath)' due to differences in the nullability of reference types. [C:\Users\DELL\Downloads\tueday 30-12-25\EyeHospitalPOS\EyeHospitalPOS.csproj]
C:\Users\DELL\Downloads\tueday 30-12-25\EyeHospitalPOS\Services\SalesService.cs(93,26): warning CS8620: Argument of type 'IIncludableQueryable<Sale, ICollection<SaleItem>?>' cannot be used for parameter 'source' of type 'IIncludableQueryable<Sale, IEnumerable<SaleItem>>' in 'IIncludableQueryable<Sale, Product?> EntityFrameworkQueryableExtensions.ThenInclude<Sale, SaleItem, Product?>(IIncludableQueryable<Sale, IEnumerable<SaleItem>> source, Expression<Func<SaleItem, Product?>> navigationPropertyPath)' due to differences in the nullability of reference types. [C:\Users\DELL\Downloads\tueday 30-12-25\EyeHospitalPOS\EyeHospitalPOS.csproj]
C:\Users\DELL\Downloads\tueday 30-12-25\EyeHospitalPOS\Helper\CaptchaClass.cs(12,23): warning CS8618: Non-nullable property 'CaptchaCode' must contain a non-null value when exiting constructor. Consider adding the 'required' modifier or declaring the property as nullable. [C:\Users\DELL\Downloads\tueday 30-12-25\EyeHospitalPOS\EyeHospitalPOS.csproj]
C:\Users\DELL\Downloads\tueday 30-12-25\EyeHospitalPOS\Helper\CaptchaClass.cs(13,23): warning CS8618: Non-nullable property 'CaptchaByteData' must contain a non-null value when exiting constructor. Consider adding the 'required' modifier or declaring the property as nullable. [C:\Users\DELL\Downloads\tueday 30-12-25\EyeHospitalPOS\EyeHospitalPOS.csproj]
C:\Users\DELL\Downloads\tueday 30-12-25\EyeHospitalPOS\Services\SalesService.cs(125,31): warning CS8602: Dereference of a possibly null reference. [C:\Users\DELL\Downloads\tueday 30-12-25\EyeHospitalPOS\EyeHospitalPOS.csproj]
C:\Users\DELL\Downloads\tueday 30-12-25\EyeHospitalPOS\Services\SalesService.cs(124,29): warning CS0472: The result of the expression is always 'true' since a value of type 'int' is never equal to 'null' of type 'int?' [C:\Users\DELL\Downloads\tueday 30-12-25\EyeHospitalPOS\EyeHospitalPOS.csproj]
C:\Users\DELL\Downloads\tueday 30-12-25\EyeHospitalPOS\Models\DashboardViewModels.cs(40,23): warning CS8618: Non-nullable property 'Label' must contain a non-null value when exiting constructor. Consider adding the 'required' modifier or declaring the property as nullable. [C:\Users\DELL\Downloads\tueday 30-12-25\EyeHospitalPOS\EyeHospitalPOS.csproj]
C:\Users\DELL\Downloads\tueday 30-12-25\EyeHospitalPOS\Models\DashboardViewModels.cs(34,23): warning CS8618: Non-nullable property 'CategoryName' must contain a non-null value when exiting constructor. Consider adding the 'required' modifier or declaring the property as nullable. [C:\Users\DELL\Downloads\tueday 30-12-25\EyeHospitalPOS\EyeHospitalPOS.csproj]
C:\Users\DELL\Downloads\tueday 30-12-25\EyeHospitalPOS\Models\DashboardViewModels.cs(27,23): warning CS8618: Non-nullable property 'ProductName' must contain a non-null value when exiting constructor. Consider adding the 'required' modifier or declaring the property as nullable. [C:\Users\DELL\Downloads\tueday 30-12-25\EyeHospitalPOS\EyeHospitalPOS.csproj]
C:\Users\DELL\Downloads\tueday 30-12-25\EyeHospitalPOS\Models\DashboardViewModels.cs(20,23): warning CS8618: Non-nullable property 'DisplayName' must contain a non-null value when exiting constructor. Consider adding the 'required' modifier or declaring the property as nullable. [C:\Users\DELL\Downloads\tueday 30-12-25\EyeHospitalPOS\EyeHospitalPOS.csproj]
C:\Users\DELL\Downloads\tueday 30-12-25\EyeHospitalPOS\Services\SalesService.cs(139,32): warning CS8602: Dereference of a possibly null reference. [C:\Users\DELL\Downloads\tueday 30-12-25\EyeHospitalPOS\EyeHospitalPOS.csproj]
C:\Users\DELL\Downloads\tueday 30-12-25\EyeHospitalPOS\Pages\Error.cshtml.cs(22,16): warning CS8618: Non-nullable property 'RequestId' must contain a non-null value when exiting constructor. Consider adding the 'required' modifier or declaring the property as nullable. [C:\Users\DELL\Downloads\tueday 30-12-25\EyeHospitalPOS\EyeHospitalPOS.csproj]
C:\Users\DELL\Downloads\tueday 30-12-25\EyeHospitalPOS\Services\SalesService.cs(150,35): warning CS8602: Dereference of a possibly null reference. [C:\Users\DELL\Downloads\tueday 30-12-25\EyeHospitalPOS\EyeHospitalPOS.csproj]
C:\Users\DELL\Downloads\tueday 30-12-25\EyeHospitalPOS\Services\SalesService.cs(151,32): warning CS8602: Dereference of a possibly null reference. [C:\Users\DELL\Downloads\tueday 30-12-25\EyeHospitalPOS\EyeHospitalPOS.csproj]
C:\Users\DELL\Downloads\tueday 30-12-25\EyeHospitalPOS\Services\SalesService.cs(151,32): warning CS8602: Dereference of a possibly null reference. [C:\Users\DELL\Downloads\tueday 30-12-25\EyeHospitalPOS\EyeHospitalPOS.csproj]
C:\Users\DELL\Downloads\tueday 30-12-25\EyeHospitalPOS\Services\SalesService.cs(158,26): warning CS8620: Argument of type 'IIncludableQueryable<Sale, ICollection<SaleItem>?>' cannot be used for parameter 'source' of type 'IIncludableQueryable<Sale, IEnumerable<SaleItem>>' in 'IIncludableQueryable<Sale, Product?> EntityFrameworkQueryableExtensions.ThenInclude<Sale, SaleItem, Product?>(IIncludableQueryable<Sale, IEnumerable<SaleItem>> source, Expression<Func<SaleItem, Product?>> navigationPropertyPath)' due to differences in the nullability of reference types. [C:\Users\DELL\Downloads\tueday 30-12-25\EyeHospitalPOS\EyeHospitalPOS.csproj]
C:\Users\DELL\Downloads\tueday 30-12-25\EyeHospitalPOS\Pages\FetchData.razor(40,31): warning CS8618: Non-nullable field 'forecasts' must contain a non-null value when exiting constructor. Consider adding the 'required' modifier or declaring the field as nullable. [C:\Users\DELL\Downloads\tueday 30-12-25\EyeHospitalPOS\EyeHospitalPOS.csproj]
C:\Users\DELL\Downloads\tueday 30-12-25\EyeHospitalPOS\Services\BarcodeService.cs(98,47): error CS0246: The type or namespace name 'BitmapLuminanceSource' could not be found (are you missing a using directive or an assembly reference?) [C:\Users\DELL\Downloads\tueday 30-12-25\EyeHospitalPOS\EyeHospitalPOS.csproj]
C:\Users\DELL\Downloads\tueday 30-12-25\EyeHospitalPOS\Services\BarcodeService.cs(104,54): error CS1503: Argument 1: cannot convert from 'ZXing.Common.BitMatrix' to 'ZXing.BinaryBitmap' [C:\Users\DELL\Downloads\tueday 30-12-25\EyeHospitalPOS\EyeHospitalPOS.csproj]
C:\Users\DELL\Downloads\tueday 30-12-25\EyeHospitalPOS\Services\BarcodeService.cs(104,65): error CS1503: Argument 2: cannot convert from 'ZXing.Common.DecodingOptions' to 'System.Collections.Generic.IDictionary<ZXing.DecodeHintType, object>' [C:\Users\DELL\Downloads\tueday 30-12-25\EyeHospitalPOS\EyeHospitalPOS.csproj]
C:\Users\DELL\Downloads\tueday 30-12-25\EyeHospitalPOS\Services\BarcodeService.cs(148,47): error CS0246: The type or namespace name 'BitmapLuminanceSource' could not be found (are you missing a using directive or an assembly reference?) [C:\Users\DELL\Downloads\tueday 30-12-25\EyeHospitalPOS\EyeHospitalPOS.csproj]
C:\Users\DELL\Downloads\tueday 30-12-25\EyeHospitalPOS\Services\BarcodeService.cs(154,54): error CS1503: Argument 1: cannot convert from 'ZXing.Common.BitMatrix' to 'ZXing.BinaryBitmap' [C:\Users\DELL\Downloads\tueday 30-12-25\EyeHospitalPOS\EyeHospitalPOS.csproj]
C:\Users\DELL\Downloads\tueday 30-12-25\EyeHospitalPOS\Services\BarcodeService.cs(154,65): error CS1503: Argument 2: cannot convert from 'ZXing.Common.DecodingOptions' to 'System.Collections.Generic.IDictionary<ZXing.DecodeHintType, object>' [C:\Users\DELL\Downloads\tueday 30-12-25\EyeHospitalPOS\EyeHospitalPOS.csproj]
C:\Users\DELL\Downloads\tueday 30-12-25\EyeHospitalPOS\Pages\Navigation\Users.razor(75,100): warning CS8602: Dereference of a possibly null reference. [C:\Users\DELL\Downloads\tueday 30-12-25\EyeHospitalPOS\EyeHospitalPOS.csproj]
C:\Users\DELL\Downloads\tueday 30-12-25\EyeHospitalPOS\Pages\Login.razor(301,17): warning CS8602: Dereference of a possibly null reference. [C:\Users\DELL\Downloads\tueday 30-12-25\EyeHospitalPOS\EyeHospitalPOS.csproj]
C:\Users\DELL\Downloads\tueday 30-12-25\EyeHospitalPOS\Pages\Inventory\PurchaseOrderForm.razor(359,28): warning CS8602: Dereference of a possibly null reference. [C:\Users\DELL\Downloads\tueday 30-12-25\EyeHospitalPOS\EyeHospitalPOS.csproj]
C:\Users\DELL\Downloads\tueday 30-12-25\EyeHospitalPOS\Pages\Inventory\PurchaseOrderForm.razor(359,23): warning CS8605: Unboxing a possibly null value. [C:\Users\DELL\Downloads\tueday 30-12-25\EyeHospitalPOS\EyeHospitalPOS.csproj]
C:\Users\DELL\Downloads\tueday 30-12-25\EyeHospitalPOS\Pages\Inventory\PurchaseOrderForm.razor(360,38): warning CS8602: Dereference of a possibly null reference. [C:\Users\DELL\Downloads\tueday 30-12-25\EyeHospitalPOS\EyeHospitalPOS.csproj]
C:\Users\DELL\Downloads\tueday 30-12-25\EyeHospitalPOS\Pages\Inventory\PurchaseOrderForm.razor(360,29): warning CS8605: Unboxing a possibly null value. [C:\Users\DELL\Downloads\tueday 30-12-25\EyeHospitalPOS\EyeHospitalPOS.csproj]
C:\Users\DELL\Downloads\tueday 30-12-25\EyeHospitalPOS\Pages\Inventory\PurchaseOrderForm.razor(438,93): warning CS8602: Dereference of a possibly null reference. [C:\Users\DELL\Downloads\tueday 30-12-25\EyeHospitalPOS\EyeHospitalPOS.csproj]
C:\Users\DELL\Downloads\tueday 30-12-25\EyeHospitalPOS\Pages\Inventory\PurchaseOrderForm.razor(453,93): warning CS8602: Dereference of a possibly null reference. [C:\Users\DELL\Downloads\tueday 30-12-25\EyeHospitalPOS\EyeHospitalPOS.csproj]
C:\Users\DELL\Downloads\tueday 30-12-25\EyeHospitalPOS\Pages\Inventory\PurchaseOrderForm.razor(468,79): warning CS8602: Dereference of a possibly null reference. [C:\Users\DELL\Downloads\tueday 30-12-25\EyeHospitalPOS\EyeHospitalPOS.csproj]
C:\Users\DELL\Downloads\tueday 30-12-25\EyeHospitalPOS\Services\CustomAuthenticationStateProvider.cs(76,71): warning CS8604: Possible null reference argument for parameter 'token' in 'ClaimsPrincipal? IJwtService.ValidateToken(string token)'. [C:\Users\DELL\Downloads\tueday 30-12-25\EyeHospitalPOS\EyeHospitalPOS.csproj]
C:\Users\DELL\Downloads\tueday 30-12-25\EyeHospitalPOS\Pages\InventorySetup\ItemLocationForm.razor(136,34): warning CS8620: Argument of type 'IIncludableQueryable<ItemLocation, ICollection<ProductLocation>?>' cannot be used for parameter 'source' of type 'IIncludableQueryable<ItemLocation, IEnumerable<ProductLocation>>' in 'IIncludableQueryable<ItemLocation, Product?> EntityFrameworkQueryableExtensions.ThenInclude<ItemLocation, ProductLocation, Product?>(IIncludableQueryable<ItemLocation, IEnumerable<ProductLocation>> source, Expression<Func<ProductLocation, Product?>> navigationPropertyPath)' due to differences in the nullability of reference types. [C:\Users\DELL\Downloads\tueday 30-12-25\EyeHospitalPOS\EyeHospitalPOS.csproj]
C:\Users\DELL\Downloads\tueday 30-12-25\EyeHospitalPOS\Pages\Inventory\PurchaseOrderForm.razor(494,35): warning CS8625: Cannot convert null literal to non-nullable reference type. [C:\Users\DELL\Downloads\tueday 30-12-25\EyeHospitalPOS\EyeHospitalPOS.csproj]
C:\Users\DELL\Downloads\tueday 30-12-25\EyeHospitalPOS\Pages\Inventory\PurchaseOrderForm.razor(527,48): warning CS8625: Cannot convert null literal to non-nullable reference type. [C:\Users\DELL\Downloads\tueday 30-12-25\EyeHospitalPOS\EyeHospitalPOS.csproj]
C:\Users\DELL\Downloads\tueday 30-12-25\EyeHospitalPOS\Pages\Sales\Invoices.razor(79,35): warning CS8602: Dereference of a possibly null reference. [C:\Users\DELL\Downloads\tueday 30-12-25\EyeHospitalPOS\EyeHospitalPOS.csproj]
C:\Users\DELL\Downloads\tueday 30-12-25\EyeHospitalPOS\Pages\Inventory\InventoryReceiving.razor(138,72): warning CS8602: Dereference of a possibly null reference. [C:\Users\DELL\Downloads\tueday 30-12-25\EyeHospitalPOS\EyeHospitalPOS.csproj]
C:\Users\DELL\Downloads\tueday 30-12-25\EyeHospitalPOS\Pages\Inventory\InventoryReceiving.razor(155,70): warning CS8602: Dereference of a possibly null reference. [C:\Users\DELL\Downloads\tueday 30-12-25\EyeHospitalPOS\EyeHospitalPOS.csproj]
C:\Users\DELL\Downloads\tueday 30-12-25\EyeHospitalPOS\Pages\Products\ProductList.razor(103,176): warning CS8625: Cannot convert null literal to non-nullable reference type. [C:\Users\DELL\Downloads\tueday 30-12-25\EyeHospitalPOS\EyeHospitalPOS.csproj]
C:\Users\DELL\Downloads\tueday 30-12-25\EyeHospitalPOS\Pages\Products\ProductList.razor(359,31): warning CS8625: Cannot convert null literal to non-nullable reference type. [C:\Users\DELL\Downloads\tueday 30-12-25\EyeHospitalPOS\EyeHospitalPOS.csproj]
C:\Users\DELL\Downloads\tueday 30-12-25\EyeHospitalPOS\Pages\Products\ProductList.razor(382,39): warning CS8625: Cannot convert null literal to non-nullable reference type. [C:\Users\DELL\Downloads\tueday 30-12-25\EyeHospitalPOS\EyeHospitalPOS.csproj]
C:\Users\DELL\Downloads\tueday 30-12-25\EyeHospitalPOS\Pages\Products\ProductList.razor(432,35): warning CS8625: Cannot convert null literal to non-nullable reference type. [C:\Users\DELL\Downloads\tueday 30-12-25\EyeHospitalPOS\EyeHospitalPOS.csproj]
C:\Users\DELL\Downloads\tueday 30-12-25\EyeHospitalPOS\Pages\Products\ProductList.razor(442,38): warning CS8604: Possible null reference argument for parameter 'product' in 'Task ProductList.FillProductFormAndEdit(Product product)'. [C:\Users\DELL\Downloads\tueday 30-12-25\EyeHospitalPOS\EyeHospitalPOS.csproj]
C:\Users\DELL\Downloads\tueday 30-12-25\EyeHospitalPOS\Pages\Products\ProductList.razor(304,43): warning CS8625: Cannot convert null literal to non-nullable reference type. [C:\Users\DELL\Downloads\tueday 30-12-25\EyeHospitalPOS\EyeHospitalPOS.csproj]
C:\Users\DELL\Downloads\tueday 30-12-25\EyeHospitalPOS\Pages\Products\ProductList.razor(295,19): warning CS8618: Non-nullable property 'Grid' must contain a non-null value when exiting constructor. Consider adding the 'required' modifier or declaring the property as nullable. [C:\Users\DELL\Downloads\tueday 30-12-25\EyeHospitalPOS\EyeHospitalPOS.csproj]
C:\Users\DELL\Downloads\tueday 30-12-25\EyeHospitalPOS\Pages\Navigation\Roles.razor(104,109): warning CS8602: Dereference of a possibly null reference. [C:\Users\DELL\Downloads\tueday 30-12-25\EyeHospitalPOS\EyeHospitalPOS.csproj]
C:\Users\DELL\Downloads\tueday 30-12-25\EyeHospitalPOS\Pages\Navigation\Roles.razor(421,20): warning CS8618: Non-nullable property 'Grid' must contain a non-null value when exiting constructor. Consider adding the 'required' modifier or declaring the property as nullable. [C:\Users\DELL\Downloads\tueday 30-12-25\EyeHospitalPOS\EyeHospitalPOS.csproj]
C:\Users\DELL\Downloads\tueday 30-12-25\EyeHospitalPOS\Pages\Inventory\InventoryReceivingForm.razor(400,28): warning CS8602: Dereference of a possibly null reference. [C:\Users\DELL\Downloads\tueday 30-12-25\EyeHospitalPOS\EyeHospitalPOS.csproj]
C:\Users\DELL\Downloads\tueday 30-12-25\EyeHospitalPOS\Pages\Inventory\InventoryReceivingForm.razor(400,23): warning CS8605: Unboxing a possibly null value. [C:\Users\DELL\Downloads\tueday 30-12-25\EyeHospitalPOS\EyeHospitalPOS.csproj]
C:\Users\DELL\Downloads\tueday 30-12-25\EyeHospitalPOS\Pages\Inventory\InventoryReceivingForm.razor(401,37): warning CS8602: Dereference of a possibly null reference. [C:\Users\DELL\Downloads\tueday 30-12-25\EyeHospitalPOS\EyeHospitalPOS.csproj]
C:\Users\DELL\Downloads\tueday 30-12-25\EyeHospitalPOS\Pages\Inventory\InventoryReceivingForm.razor(401,28): warning CS8605: Unboxing a possibly null value. [C:\Users\DELL\Downloads\tueday 30-12-25\EyeHospitalPOS\EyeHospitalPOS.csproj]
C:\Users\DELL\Downloads\tueday 30-12-25\EyeHospitalPOS\Pages\Inventory\InventoryReceivingForm.razor(403,13): warning CS8602: Dereference of a possibly null reference. [C:\Users\DELL\Downloads\tueday 30-12-25\EyeHospitalPOS\EyeHospitalPOS.csproj]
C:\Users\DELL\Downloads\tueday 30-12-25\EyeHospitalPOS\Pages\Inventory\InventoryReceivingForm.razor(484,94): warning CS8602: Dereference of a possibly null reference. [C:\Users\DELL\Downloads\tueday 30-12-25\EyeHospitalPOS\EyeHospitalPOS.csproj]
C:\Users\DELL\Downloads\tueday 30-12-25\EyeHospitalPOS\Pages\Inventory\InventoryReceivingForm.razor(500,96): warning CS8602: Dereference of a possibly null reference. [C:\Users\DELL\Downloads\tueday 30-12-25\EyeHospitalPOS\EyeHospitalPOS.csproj]
C:\Users\DELL\Downloads\tueday 30-12-25\EyeHospitalPOS\Pages\Inventory\InventoryReceivingForm.razor(516,80): warning CS8602: Dereference of a possibly null reference. [C:\Users\DELL\Downloads\tueday 30-12-25\EyeHospitalPOS\EyeHospitalPOS.csproj]
C:\Users\DELL\Downloads\tueday 30-12-25\EyeHospitalPOS\Pages\Inventory\InventoryReceivingForm.razor(535,35): warning CS8625: Cannot convert null literal to non-nullable reference type. [C:\Users\DELL\Downloads\tueday 30-12-25\EyeHospitalPOS\EyeHospitalPOS.csproj]
C:\Users\DELL\Downloads\tueday 30-12-25\EyeHospitalPOS\Pages\Inventory\InventoryReceivingForm.razor(567,58): warning CS8625: Cannot convert null literal to non-nullable reference type. [C:\Users\DELL\Downloads\tueday 30-12-25\EyeHospitalPOS\EyeHospitalPOS.csproj]
C:\Users\DELL\Downloads\tueday 30-12-25\EyeHospitalPOS\Components\CameraScannerModal.razor(141,33): warning CS0649: Field 'CameraScannerModal._jsModule' is never assigned to, and will always have its default value null [C:\Users\DELL\Downloads\tueday 30-12-25\EyeHospitalPOS\EyeHospitalPOS.csproj]
C:\Users\DELL\Downloads\tueday 30-12-25\EyeHospitalPOS\Shared\MainLayout.razor(47,18): warning CS0414: The field 'MainLayout.isInitialized' is assigned but its value is never used [C:\Users\DELL\Downloads\tueday 30-12-25\EyeHospitalPOS\EyeHospitalPOS.csproj]
C:\Users\DELL\Downloads\tueday 30-12-25\EyeHospitalPOS\Helper\CaptchaClass.cs(166,36): warning CA1416: This call site is reachable on all platforms. 'BitmapData.Stride' is only supported on: 'windows' 6.1 and later. (https://learn.microsoft.com/dotnet/fundamentals/code-analysis/quality-rules/ca1416) [C:\Users\DELL\Downloads\tueday 30-12-25\EyeHospitalPOS\EyeHospitalPOS.csproj]
C:\Users\DELL\Downloads\tueday 30-12-25\EyeHospitalPOS\Helper\CaptchaClass.cs(163,82): warning CA1416: This call site is reachable on all platforms. 'Image.Width' is only supported on: 'windows' 6.1 and later. (https://learn.microsoft.com/dotnet/fundamentals/code-analysis/quality-rules/ca1416) [C:\Users\DELL\Downloads\tueday 30-12-25\EyeHospitalPOS\EyeHospitalPOS.csproj]
C:\Users\DELL\Downloads\tueday 30-12-25\EyeHospitalPOS\Helper\CaptchaClass.cs(110,35): warning CA1416: This call site is reachable on all platforms. 'Pen' is only supported on: 'windows' 6.1 and later. (https://learn.microsoft.com/dotnet/fundamentals/code-analysis/quality-rules/ca1416) [C:\Users\DELL\Downloads\tueday 30-12-25\EyeHospitalPOS\EyeHospitalPOS.csproj]
C:\Users\DELL\Downloads\tueday 30-12-25\EyeHospitalPOS\Helper\CaptchaClass.cs(48,37): warning CA1416: This call site is reachable on all platforms. 'Graphics.FromImage(Image)' is only supported on: 'windows' 6.1 and later. (https://learn.microsoft.com/dotnet/fundamentals/code-analysis/quality-rules/ca1416) [C:\Users\DELL\Downloads\tueday 30-12-25\EyeHospitalPOS\EyeHospitalPOS.csproj]
C:\Users\DELL\Downloads\tueday 30-12-25\EyeHospitalPOS\Helper\CaptchaClass.cs(163,114): warning CA1416: This call site is reachable on all platforms. 'ImageLockMode.ReadWrite' is only supported on: 'windows' 6.1 and later. (https://learn.microsoft.com/dotnet/fundamentals/code-analysis/quality-rules/ca1416) [C:\Users\DELL\Downloads\tueday 30-12-25\EyeHospitalPOS\EyeHospitalPOS.csproj]
C:\Users\DELL\Downloads\tueday 30-12-25\EyeHospitalPOS\Helper\CaptchaClass.cs(126,35): warning CA1416: This call site is reachable on all platforms. 'Image.Height' is only supported on: 'windows' 6.1 and later. (https://learn.microsoft.com/dotnet/fundamentals/code-analysis/quality-rules/ca1416) [C:\Users\DELL\Downloads\tueday 30-12-25\EyeHospitalPOS\EyeHospitalPOS.csproj]
C:\Users\DELL\Downloads\tueday 30-12-25\EyeHospitalPOS\Helper\CaptchaClass.cs(104,25): warning CA1416: This call site is reachable on all platforms. 'Graphics.DrawString(string?, Font, Brush, float, float)' is only supported on: 'windows' 6.1 and later. (https://learn.microsoft.com/dotnet/fundamentals/code-analysis/quality-rules/ca1416) [C:\Users\DELL\Downloads\tueday 30-12-25\EyeHospitalPOS\EyeHospitalPOS.csproj]
C:\Users\DELL\Downloads\tueday 30-12-25\EyeHospitalPOS\Helper\CaptchaClass.cs(163,45): warning CA1416: This call site is reachable on all platforms. 'Bitmap.LockBits(Rectangle, ImageLockMode, PixelFormat)' is only supported on: 'windows' 6.1 and later. (https://learn.microsoft.com/dotnet/fundamentals/code-analysis/quality-rules/ca1416) [C:\Users\DELL\Downloads\tueday 30-12-25\EyeHospitalPOS\EyeHospitalPOS.csproj]
C:\Users\DELL\Downloads\tueday 30-12-25\EyeHospitalPOS\Helper\CaptchaClass.cs(168,36): warning CA1416: This call site is reachable on all platforms. 'BitmapData.Scan0' is only supported on: 'windows' 6.1 and later. (https://learn.microsoft.com/dotnet/fundamentals/code-analysis/quality-rules/ca1416) [C:\Users\DELL\Downloads\tueday 30-12-25\EyeHospitalPOS\EyeHospitalPOS.csproj]
C:\Users\DELL\Downloads\tueday 30-12-25\EyeHospitalPOS\Helper\CaptchaClass.cs(125,34): warning CA1416: This call site is reachable on all platforms. 'Image.Width' is only supported on: 'windows' 6.1 and later. (https://learn.microsoft.com/dotnet/fundamentals/code-analysis/quality-rules/ca1416) [C:\Users\DELL\Downloads\tueday 30-12-25\EyeHospitalPOS\EyeHospitalPOS.csproj]
C:\Users\DELL\Downloads\tueday 30-12-25\EyeHospitalPOS\Helper\CaptchaClass.cs(117,25): warning CA1416: This call site is reachable on all platforms. 'Graphics.DrawLine(Pen, Point, Point)' is only supported on: 'windows' 6.1 and later. (https://learn.microsoft.com/dotnet/fundamentals/code-analysis/quality-rules/ca1416) [C:\Users\DELL\Downloads\tueday 30-12-25\EyeHospitalPOS\EyeHospitalPOS.csproj]
C:\Users\DELL\Downloads\tueday 30-12-25\EyeHospitalPOS\Helper\CaptchaClass.cs(60,34): warning CA1416: This call site is reachable on all platforms. 'ImageFormat.Png' is only supported on: 'windows' 6.1 and later. (https://learn.microsoft.com/dotnet/fundamentals/code-analysis/quality-rules/ca1416) [C:\Users\DELL\Downloads\tueday 30-12-25\EyeHospitalPOS\EyeHospitalPOS.csproj]
C:\Users\DELL\Downloads\tueday 30-12-25\EyeHospitalPOS\Helper\CaptchaClass.cs(90,44): warning CA1416: This call site is reachable on all platforms. 'SolidBrush' is only supported on: 'windows' 6.1 and later. (https://learn.microsoft.com/dotnet/fundamentals/code-analysis/quality-rules/ca1416) [C:\Users\DELL\Downloads\tueday 30-12-25\EyeHospitalPOS\EyeHospitalPOS.csproj]
C:\Users\DELL\Downloads\tueday 30-12-25\EyeHospitalPOS\Helper\CaptchaClass.cs(163,97): warning CA1416: This call site is reachable on all platforms. 'Image.Height' is only supported on: 'windows' 6.1 and later. (https://learn.microsoft.com/dotnet/fundamentals/code-analysis/quality-rules/ca1416) [C:\Users\DELL\Downloads\tueday 30-12-25\EyeHospitalPOS\EyeHospitalPOS.csproj]
C:\Users\DELL\Downloads\tueday 30-12-25\EyeHospitalPOS\Helper\CaptchaClass.cs(92,42): warning CA1416: This call site is reachable on all platforms. 'FontFamily.GenericSerif' is only supported on: 'windows' 6.1 and later. (https://learn.microsoft.com/dotnet/fundamentals/code-analysis/quality-rules/ca1416) [C:\Users\DELL\Downloads\tueday 30-12-25\EyeHospitalPOS\EyeHospitalPOS.csproj]
C:\Users\DELL\Downloads\tueday 30-12-25\EyeHospitalPOS\Helper\CaptchaClass.cs(47,37): warning CA1416: This call site is reachable on all platforms. 'Bitmap' is only supported on: 'windows' 6.1 and later. (https://learn.microsoft.com/dotnet/fundamentals/code-analysis/quality-rules/ca1416) [C:\Users\DELL\Downloads\tueday 30-12-25\EyeHospitalPOS\EyeHospitalPOS.csproj]
C:\Users\DELL\Downloads\tueday 30-12-25\EyeHospitalPOS\Helper\CaptchaClass.cs(173,21): warning CA1416: This call site is reachable on all platforms. 'Bitmap.UnlockBits(BitmapData)' is only supported on: 'windows' 6.1 and later. (https://learn.microsoft.com/dotnet/fundamentals/code-analysis/quality-rules/ca1416) [C:\Users\DELL\Downloads\tueday 30-12-25\EyeHospitalPOS\EyeHospitalPOS.csproj]
C:\Users\DELL\Downloads\tueday 30-12-25\EyeHospitalPOS\Helper\CaptchaClass.cs(110,43): warning CA1416: This call site is reachable on all platforms. 'SolidBrush' is only supported on: 'windows' 6.1 and later. (https://learn.microsoft.com/dotnet/fundamentals/code-analysis/quality-rules/ca1416) [C:\Users\DELL\Downloads\tueday 30-12-25\EyeHospitalPOS\EyeHospitalPOS.csproj]
C:\Users\DELL\Downloads\tueday 30-12-25\EyeHospitalPOS\Helper\CaptchaClass.cs(113,25): warning CA1416: This call site is reachable on all platforms. 'Pen.Color' is only supported on: 'windows' 6.1 and later. (https://learn.microsoft.com/dotnet/fundamentals/code-analysis/quality-rules/ca1416) [C:\Users\DELL\Downloads\tueday 30-12-25\EyeHospitalPOS\EyeHospitalPOS.csproj]
C:\Users\DELL\Downloads\tueday 30-12-25\EyeHospitalPOS\Helper\CaptchaClass.cs(95,25): warning CA1416: This call site is reachable on all platforms. 'SolidBrush.Color' is only supported on: 'windows' 6.1 and later. (https://learn.microsoft.com/dotnet/fundamentals/code-analysis/quality-rules/ca1416) [C:\Users\DELL\Downloads\tueday 30-12-25\EyeHospitalPOS\EyeHospitalPOS.csproj]
C:\Users\DELL\Downloads\tueday 30-12-25\EyeHospitalPOS\Helper\CaptchaClass.cs(92,33): warning CA1416: This call site is reachable on all platforms. 'Font' is only supported on: 'windows' 6.1 and later. (https://learn.microsoft.com/dotnet/fundamentals/code-analysis/quality-rules/ca1416) [C:\Users\DELL\Downloads\tueday 30-12-25\EyeHospitalPOS\EyeHospitalPOS.csproj]
C:\Users\DELL\Downloads\tueday 30-12-25\EyeHospitalPOS\Helper\CaptchaClass.cs(164,74): warning CA1416: This call site is reachable on all platforms. 'Image.Width' is only supported on: 'windows' 6.1 and later. (https://learn.microsoft.com/dotnet/fundamentals/code-analysis/quality-rules/ca1416) [C:\Users\DELL\Downloads\tueday 30-12-25\EyeHospitalPOS\EyeHospitalPOS.csproj]
C:\Users\DELL\Downloads\tueday 30-12-25\EyeHospitalPOS\Helper\CaptchaClass.cs(164,100): warning CA1416: This call site is reachable on all platforms. 'ImageLockMode.ReadWrite' is only supported on: 'windows' 6.1 and later. (https://learn.microsoft.com/dotnet/fundamentals/code-analysis/quality-rules/ca1416) [C:\Users\DELL\Downloads\tueday 30-12-25\EyeHospitalPOS\EyeHospitalPOS.csproj]
C:\Users\DELL\Downloads\tueday 30-12-25\EyeHospitalPOS\Helper\CaptchaClass.cs(92,93): warning CA1416: This call site is reachable on all platforms. 'GraphicsUnit.Pixel' is only supported on: 'windows' 6.1 and later. (https://learn.microsoft.com/dotnet/fundamentals/code-analysis/quality-rules/ca1416) [C:\Users\DELL\Downloads\tueday 30-12-25\EyeHospitalPOS\EyeHospitalPOS.csproj]
C:\Users\DELL\Downloads\tueday 30-12-25\EyeHospitalPOS\Helper\CaptchaClass.cs(169,39): warning CA1416: This call site is reachable on all platforms. 'BitmapData.Scan0' is only supported on: 'windows' 6.1 and later. (https://learn.microsoft.com/dotnet/fundamentals/code-analysis/quality-rules/ca1416) [C:\Users\DELL\Downloads\tueday 30-12-25\EyeHospitalPOS\EyeHospitalPOS.csproj]
C:\Users\DELL\Downloads\tueday 30-12-25\EyeHospitalPOS\Helper\CaptchaClass.cs(174,21): warning CA1416: This call site is reachable on all platforms. 'Image.Dispose()' is only supported on: 'windows' 6.1 and later. (https://learn.microsoft.com/dotnet/fundamentals/code-analysis/quality-rules/ca1416) [C:\Users\DELL\Downloads\tueday 30-12-25\EyeHospitalPOS\EyeHospitalPOS.csproj]
C:\Users\DELL\Downloads\tueday 30-12-25\EyeHospitalPOS\Helper\CaptchaClass.cs(161,43): warning CA1416: This call site is reachable on all platforms. 'Image.Clone()' is only supported on: 'windows' 6.1 and later. (https://learn.microsoft.com/dotnet/fundamentals/code-analysis/quality-rules/ca1416) [C:\Users\DELL\Downloads\tueday 30-12-25\EyeHospitalPOS\EyeHospitalPOS.csproj]
C:\Users\DELL\Downloads\tueday 30-12-25\EyeHospitalPOS\Helper\CaptchaClass.cs(92,77): warning CA1416: This call site is reachable on all platforms. 'FontStyle.Bold' is only supported on: 'windows' 6.1 and later. (https://learn.microsoft.com/dotnet/fundamentals/code-analysis/quality-rules/ca1416) [C:\Users\DELL\Downloads\tueday 30-12-25\EyeHospitalPOS\EyeHospitalPOS.csproj]
C:\Users\DELL\Downloads\tueday 30-12-25\EyeHospitalPOS\Helper\CaptchaClass.cs(52,17): warning CA1416: This call site is reachable on all platforms. 'Graphics.Clear(Color)' is only supported on: 'windows' 6.1 and later. (https://learn.microsoft.com/dotnet/fundamentals/code-analysis/quality-rules/ca1416) [C:\Users\DELL\Downloads\tueday 30-12-25\EyeHospitalPOS\EyeHospitalPOS.csproj]
C:\Users\DELL\Downloads\tueday 30-12-25\EyeHospitalPOS\Helper\CaptchaClass.cs(172,21): warning CA1416: This call site is reachable on all platforms. 'Bitmap.UnlockBits(BitmapData)' is only supported on: 'windows' 6.1 and later. (https://learn.microsoft.com/dotnet/fundamentals/code-analysis/quality-rules/ca1416) [C:\Users\DELL\Downloads\tueday 30-12-25\EyeHospitalPOS\EyeHospitalPOS.csproj]
C:\Users\DELL\Downloads\tueday 30-12-25\EyeHospitalPOS\Helper\CaptchaClass.cs(164,86): warning CA1416: This call site is reachable on all platforms. 'Image.Height' is only supported on: 'windows' 6.1 and later. (https://learn.microsoft.com/dotnet/fundamentals/code-analysis/quality-rules/ca1416) [C:\Users\DELL\Downloads\tueday 30-12-25\EyeHospitalPOS\EyeHospitalPOS.csproj]
C:\Users\DELL\Downloads\tueday 30-12-25\EyeHospitalPOS\Helper\CaptchaClass.cs(163,139): warning CA1416: This call site is reachable on all platforms. 'PixelFormat.Format24bppRgb' is only supported on: 'windows' 6.1 and later. (https://learn.microsoft.com/dotnet/fundamentals/code-analysis/quality-rules/ca1416) [C:\Users\DELL\Downloads\tueday 30-12-25\EyeHospitalPOS\EyeHospitalPOS.csproj]
C:\Users\DELL\Downloads\tueday 30-12-25\EyeHospitalPOS\Helper\CaptchaClass.cs(60,17): warning CA1416: This call site is reachable on all platforms. 'Image.Save(Stream, ImageFormat)' is only supported on: 'windows' 6.1 and later. (https://learn.microsoft.com/dotnet/fundamentals/code-analysis/quality-rules/ca1416) [C:\Users\DELL\Downloads\tueday 30-12-25\EyeHospitalPOS\EyeHospitalPOS.csproj]
C:\Users\DELL\Downloads\tueday 30-12-25\EyeHospitalPOS\Helper\CaptchaClass.cs(164,40): warning CA1416: This call site is reachable on all platforms. 'Bitmap.LockBits(Rectangle, ImageLockMode, PixelFormat)' is only supported on: 'windows' 6.1 and later. (https://learn.microsoft.com/dotnet/fundamentals/code-analysis/quality-rules/ca1416) [C:\Users\DELL\Downloads\tueday 30-12-25\EyeHospitalPOS\EyeHospitalPOS.csproj]
C:\Users\DELL\Downloads\tueday 30-12-25\EyeHospitalPOS\Helper\CaptchaClass.cs(164,125): warning CA1416: This call site is reachable on all platforms. 'PixelFormat.Format24bppRgb' is only supported on: 'windows' 6.1 and later. (https://learn.microsoft.com/dotnet/fundamentals/code-analysis/quality-rules/ca1416) [C:\Users\DELL\Downloads\tueday 30-12-25\EyeHospitalPOS\EyeHospitalPOS.csproj]

Build FAILED.

CSC : warning DX1000: For evaluation purposes only. Redistribution prohibited. Please register an existing license (devexpress.com/DX1000) or purchase a new license (devexpress.com/BUY) to continue use of the following DevExpress product libraries: DevExpress.Blazor* (DevExpressServiceCollectionExtensions) - Included in Subscriptions: Universal, DXperience, ASP.NET [C:\Users\DELL\Downloads\tueday 30-12-25\EyeHospitalPOS\EyeHospitalPOS.csproj]
C:\Users\DELL\Downloads\tueday 30-12-25\EyeHospitalPOS\App.razor(2,1): warning RZ10012: Found markup element with unexpected name 'DxResourceManager'. If this is intended to be a component, add a @using directive for its namespace. [C:\Users\DELL\Downloads\tueday 30-12-25\EyeHospitalPOS\EyeHospitalPOS.csproj]
C:\Users\DELL\Downloads\tueday 30-12-25\EyeHospitalPOS\obj\Debug\net8.0\Microsoft.CodeAnalysis.Razor.Compiler\Microsoft.NET.Sdk.Razor.SourceGenerators.RazorSourceGenerator\Pages_Inventory_PurchaseOrderForm_razor.g.cs(3076,56): warning CS0618: 'DxDropDownListEditorBase<TData, TValue>.FilteringMode' is obsolete: 'This property is now obsolete. Use SearchMode and SearchFilterCondition properties instead.' [C:\Users\DELL\Downloads\tueday 30-12-25\EyeHospitalPOS\EyeHospitalPOS.csproj]
C:\Users\DELL\Downloads\tueday 30-12-25\EyeHospitalPOS\obj\Debug\net8.0\Microsoft.CodeAnalysis.Razor.Compiler\Microsoft.NET.Sdk.Razor.SourceGenerators.RazorSourceGenerator\Pages_Inventory_PurchaseOrderForm_razor.g.cs(3224,56): warning CS0618: 'DxDropDownListEditorBase<TData, TValue>.FilteringMode' is obsolete: 'This property is now obsolete. Use SearchMode and SearchFilterCondition properties instead.' [C:\Users\DELL\Downloads\tueday 30-12-25\EyeHospitalPOS\EyeHospitalPOS.csproj]
C:\Users\DELL\Downloads\tueday 30-12-25\EyeHospitalPOS\obj\Debug\net8.0\Microsoft.CodeAnalysis.Razor.Compiler\Microsoft.NET.Sdk.Razor.SourceGenerators.RazorSourceGenerator\Pages_Inventory_InventoryReceivingForm_razor.g.cs(3061,56): warning CS0618: 'DxDropDownListEditorBase<TData, TValue>.FilteringMode' is obsolete: 'This property is now obsolete. Use SearchMode and SearchFilterCondition properties instead.' [C:\Users\DELL\Downloads\tueday 30-12-25\EyeHospitalPOS\EyeHospitalPOS.csproj]
C:\Users\DELL\Downloads\tueday 30-12-25\EyeHospitalPOS\obj\Debug\net8.0\Microsoft.CodeAnalysis.Razor.Compiler\Microsoft.NET.Sdk.Razor.SourceGenerators.RazorSourceGenerator\Pages_Inventory_InventoryReceivingForm_razor.g.cs(3209,56): warning CS0618: 'DxDropDownListEditorBase<TData, TValue>.FilteringMode' is obsolete: 'This property is now obsolete. Use SearchMode and SearchFilterCondition properties instead.' [C:\Users\DELL\Downloads\tueday 30-12-25\EyeHospitalPOS\EyeHospitalPOS.csproj]
C:\Users\DELL\Downloads\tueday 30-12-25\EyeHospitalPOS\Shared\SurveyPrompt.razor(15,19): warning CS8618: Non-nullable property 'Title' must contain a non-null value when exiting constructor. Consider adding the 'required' modifier or declaring the property as nullable. [C:\Users\DELL\Downloads\tueday 30-12-25\EyeHospitalPOS\EyeHospitalPOS.csproj]
C:\Users\DELL\Downloads\tueday 30-12-25\EyeHospitalPOS\Shared\RedirectToLogin.razor(4,35): warning CS1998: This async method lacks 'await' operators and will run synchronously. Consider using the 'await' operator to await non-blocking API calls, or 'await Task.Run(...)' to do CPU-bound work on a background thread. [C:\Users\DELL\Downloads\tueday 30-12-25\EyeHospitalPOS\EyeHospitalPOS.csproj]
C:\Users\DELL\Downloads\tueday 30-12-25\EyeHospitalPOS\Components\CameraScannerModal.razor(247,24): warning CS1998: This async method lacks 'await' operators and will run synchronously. Consider using the 'await' operator to await non-blocking API calls, or 'await Task.Run(...)' to do CPU-bound work on a background thread. [C:\Users\DELL\Downloads\tueday 30-12-25\EyeHospitalPOS\EyeHospitalPOS.csproj]
C:\Users\DELL\Downloads\tueday 30-12-25\EyeHospitalPOS\Controllers\Api\SalesController.cs(79,49): warning CS1998: This async method lacks 'await' operators and will run synchronously. Consider using the 'await' operator to await non-blocking API calls, or 'await Task.Run(...)' to do CPU-bound work on a background thread. [C:\Users\DELL\Downloads\tueday 30-12-25\EyeHospitalPOS\EyeHospitalPOS.csproj]
C:\Users\DELL\Downloads\tueday 30-12-25\EyeHospitalPOS\obj\Debug\net8.0\Microsoft.CodeAnalysis.Razor.Compiler\Microsoft.NET.Sdk.Razor.SourceGenerators.RazorSourceGenerator\App_razor.g.cs(123,60): warning CS0618: 'Router.PreferExactMatches' is obsolete: 'This property is obsolete and configuring it has not effect.' [C:\Users\DELL\Downloads\tueday 30-12-25\EyeHospitalPOS\EyeHospitalPOS.csproj]
C:\Users\DELL\Downloads\tueday 30-12-25\EyeHospitalPOS\Startup.cs(40,55): warning CS0618: 'GlobalOptions.BootstrapVersion' is obsolete: 'This property is obsolete now.' [C:\Users\DELL\Downloads\tueday 30-12-25\EyeHospitalPOS\EyeHospitalPOS.csproj]
C:\Users\DELL\Downloads\tueday 30-12-25\EyeHospitalPOS\Startup.cs(40,84): warning CS0618: 'BootstrapVersion' is obsolete: 'This enumeration is obsolete now.' [C:\Users\DELL\Downloads\tueday 30-12-25\EyeHospitalPOS\EyeHospitalPOS.csproj]
C:\Users\DELL\Downloads\tueday 30-12-25\EyeHospitalPOS\Data\WeatherForecast.cs(13,23): warning CS8618: Non-nullable property 'Summary' must contain a non-null value when exiting constructor. Consider adding the 'required' modifier or declaring the property as nullable. [C:\Users\DELL\Downloads\tueday 30-12-25\EyeHospitalPOS\EyeHospitalPOS.csproj]
C:\Users\DELL\Downloads\tueday 30-12-25\EyeHospitalPOS\Services\SalesService.cs(71,26): warning CS8620: Argument of type 'IIncludableQueryable<Sale, ICollection<SaleItem>?>' cannot be used for parameter 'source' of type 'IIncludableQueryable<Sale, IEnumerable<SaleItem>>' in 'IIncludableQueryable<Sale, Product?> EntityFrameworkQueryableExtensions.ThenInclude<Sale, SaleItem, Product?>(IIncludableQueryable<Sale, IEnumerable<SaleItem>> source, Expression<Func<SaleItem, Product?>> navigationPropertyPath)' due to differences in the nullability of reference types. [C:\Users\DELL\Downloads\tueday 30-12-25\EyeHospitalPOS\EyeHospitalPOS.csproj]
C:\Users\DELL\Downloads\tueday 30-12-25\EyeHospitalPOS\Services\SalesService.cs(82,26): warning CS8620: Argument of type 'IIncludableQueryable<Sale, ICollection<SaleItem>?>' cannot be used for parameter 'source' of type 'IIncludableQueryable<Sale, IEnumerable<SaleItem>>' in 'IIncludableQueryable<Sale, Product?> EntityFrameworkQueryableExtensions.ThenInclude<Sale, SaleItem, Product?>(IIncludableQueryable<Sale, IEnumerable<SaleItem>> source, Expression<Func<SaleItem, Product?>> navigationPropertyPath)' due to differences in the nullability of reference types. [C:\Users\DELL\Downloads\tueday 30-12-25\EyeHospitalPOS\EyeHospitalPOS.csproj]
C:\Users\DELL\Downloads\tueday 30-12-25\EyeHospitalPOS\Services\SalesService.cs(93,26): warning CS8620: Argument of type 'IIncludableQueryable<Sale, ICollection<SaleItem>?>' cannot be used for parameter 'source' of type 'IIncludableQueryable<Sale, IEnumerable<SaleItem>>' in 'IIncludableQueryable<Sale, Product?> EntityFrameworkQueryableExtensions.ThenInclude<Sale, SaleItem, Product?>(IIncludableQueryable<Sale, IEnumerable<SaleItem>> source, Expression<Func<SaleItem, Product?>> navigationPropertyPath)' due to differences in the nullability of reference types. [C:\Users\DELL\Downloads\tueday 30-12-25\EyeHospitalPOS\EyeHospitalPOS.csproj]
C:\Users\DELL\Downloads\tueday 30-12-25\EyeHospitalPOS\Helper\CaptchaClass.cs(12,23): warning CS8618: Non-nullable property 'CaptchaCode' must contain a non-null value when exiting constructor. Consider adding the 'required' modifier or declaring the property as nullable. [C:\Users\DELL\Downloads\tueday 30-12-25\EyeHospitalPOS\EyeHospitalPOS.csproj]
C:\Users\DELL\Downloads\tueday 30-12-25\EyeHospitalPOS\Helper\CaptchaClass.cs(13,23): warning CS8618: Non-nullable property 'CaptchaByteData' must contain a non-null value when exiting constructor. Consider adding the 'required' modifier or declaring the property as nullable. [C:\Users\DELL\Downloads\tueday 30-12-25\EyeHospitalPOS\EyeHospitalPOS.csproj]
C:\Users\DELL\Downloads\tueday 30-12-25\EyeHospitalPOS\Services\SalesService.cs(125,31): warning CS8602: Dereference of a possibly null reference. [C:\Users\DELL\Downloads\tueday 30-12-25\EyeHospitalPOS\EyeHospitalPOS.csproj]
C:\Users\DELL\Downloads\tueday 30-12-25\EyeHospitalPOS\Services\SalesService.cs(124,29): warning CS0472: The result of the expression is always 'true' since a value of type 'int' is never equal to 'null' of type 'int?' [C:\Users\DELL\Downloads\tueday 30-12-25\EyeHospitalPOS\EyeHospitalPOS.csproj]
C:\Users\DELL\Downloads\tueday 30-12-25\EyeHospitalPOS\Models\DashboardViewModels.cs(40,23): warning CS8618: Non-nullable property 'Label' must contain a non-null value when exiting constructor. Consider adding the 'required' modifier or declaring the property as nullable. [C:\Users\DELL\Downloads\tueday 30-12-25\EyeHospitalPOS\EyeHospitalPOS.csproj]
C:\Users\DELL\Downloads\tueday 30-12-25\EyeHospitalPOS\Models\DashboardViewModels.cs(34,23): warning CS8618: Non-nullable property 'CategoryName' must contain a non-null value when exiting constructor. Consider adding the 'required' modifier or declaring the property as nullable. [C:\Users\DELL\Downloads\tueday 30-12-25\EyeHospitalPOS\EyeHospitalPOS.csproj]
C:\Users\DELL\Downloads\tueday 30-12-25\EyeHospitalPOS\Models\DashboardViewModels.cs(27,23): warning CS8618: Non-nullable property 'ProductName' must contain a non-null value when exiting constructor. Consider adding the 'required' modifier or declaring the property as nullable. [C:\Users\DELL\Downloads\tueday 30-12-25\EyeHospitalPOS\EyeHospitalPOS.csproj]
C:\Users\DELL\Downloads\tueday 30-12-25\EyeHospitalPOS\Models\DashboardViewModels.cs(20,23): warning CS8618: Non-nullable property 'DisplayName' must contain a non-null value when exiting constructor. Consider adding the 'required' modifier or declaring the property as nullable. [C:\Users\DELL\Downloads\tueday 30-12-25\EyeHospitalPOS\EyeHospitalPOS.csproj]
C:\Users\DELL\Downloads\tueday 30-12-25\EyeHospitalPOS\Services\SalesService.cs(139,32): warning CS8602: Dereference of a possibly null reference. [C:\Users\DELL\Downloads\tueday 30-12-25\EyeHospitalPOS\EyeHospitalPOS.csproj]
C:\Users\DELL\Downloads\tueday 30-12-25\EyeHospitalPOS\Pages\Error.cshtml.cs(22,16): warning CS8618: Non-nullable property 'RequestId' must contain a non-null value when exiting constructor. Consider adding the 'required' modifier or declaring the property as nullable. [C:\Users\DELL\Downloads\tueday 30-12-25\EyeHospitalPOS\EyeHospitalPOS.csproj]
C:\Users\DELL\Downloads\tueday 30-12-25\EyeHospitalPOS\Services\SalesService.cs(150,35): warning CS8602: Dereference of a possibly null reference. [C:\Users\DELL\Downloads\tueday 30-12-25\EyeHospitalPOS\EyeHospitalPOS.csproj]
C:\Users\DELL\Downloads\tueday 30-12-25\EyeHospitalPOS\Services\SalesService.cs(151,32): warning CS8602: Dereference of a possibly null reference. [C:\Users\DELL\Downloads\tueday 30-12-25\EyeHospitalPOS\EyeHospitalPOS.csproj]
C:\Users\DELL\Downloads\tueday 30-12-25\EyeHospitalPOS\Services\SalesService.cs(151,32): warning CS8602: Dereference of a possibly null reference. [C:\Users\DELL\Downloads\tueday 30-12-25\EyeHospitalPOS\EyeHospitalPOS.csproj]
C:\Users\DELL\Downloads\tueday 30-12-25\EyeHospitalPOS\Services\SalesService.cs(158,26): warning CS8620: Argument of type 'IIncludableQueryable<Sale, ICollection<SaleItem>?>' cannot be used for parameter 'source' of type 'IIncludableQueryable<Sale, IEnumerable<SaleItem>>' in 'IIncludableQueryable<Sale, Product?> EntityFrameworkQueryableExtensions.ThenInclude<Sale, SaleItem, Product?>(IIncludableQueryable<Sale, IEnumerable<SaleItem>> source, Expression<Func<SaleItem, Product?>> navigationPropertyPath)' due to differences in the nullability of reference types. [C:\Users\DELL\Downloads\tueday 30-12-25\EyeHospitalPOS\EyeHospitalPOS.csproj]
C:\Users\DELL\Downloads\tueday 30-12-25\EyeHospitalPOS\Pages\FetchData.razor(40,31): warning CS8618: Non-nullable field 'forecasts' must contain a non-null value when exiting constructor. Consider adding the 'required' modifier or declaring the field as nullable. [C:\Users\DELL\Downloads\tueday 30-12-25\EyeHospitalPOS\EyeHospitalPOS.csproj]
C:\Users\DELL\Downloads\tueday 30-12-25\EyeHospitalPOS\Pages\Navigation\Users.razor(75,100): warning CS8602: Dereference of a possibly null reference. [C:\Users\DELL\Downloads\tueday 30-12-25\EyeHospitalPOS\EyeHospitalPOS.csproj]
C:\Users\DELL\Downloads\tueday 30-12-25\EyeHospitalPOS\Pages\Login.razor(301,17): warning CS8602: Dereference of a possibly null reference. [C:\Users\DELL\Downloads\tueday 30-12-25\EyeHospitalPOS\EyeHospitalPOS.csproj]
C:\Users\DELL\Downloads\tueday 30-12-25\EyeHospitalPOS\Pages\Inventory\PurchaseOrderForm.razor(359,28): warning CS8602: Dereference of a possibly null reference. [C:\Users\DELL\Downloads\tueday 30-12-25\EyeHospitalPOS\EyeHospitalPOS.csproj]
C:\Users\DELL\Downloads\tueday 30-12-25\EyeHospitalPOS\Pages\Inventory\PurchaseOrderForm.razor(359,23): warning CS8605: Unboxing a possibly null value. [C:\Users\DELL\Downloads\tueday 30-12-25\EyeHospitalPOS\EyeHospitalPOS.csproj]
C:\Users\DELL\Downloads\tueday 30-12-25\EyeHospitalPOS\Pages\Inventory\PurchaseOrderForm.razor(360,38): warning CS8602: Dereference of a possibly null reference. [C:\Users\DELL\Downloads\tueday 30-12-25\EyeHospitalPOS\EyeHospitalPOS.csproj]
C:\Users\DELL\Downloads\tueday 30-12-25\EyeHospitalPOS\Pages\Inventory\PurchaseOrderForm.razor(360,29): warning CS8605: Unboxing a possibly null value. [C:\Users\DELL\Downloads\tueday 30-12-25\EyeHospitalPOS\EyeHospitalPOS.csproj]
C:\Users\DELL\Downloads\tueday 30-12-25\EyeHospitalPOS\Pages\Inventory\PurchaseOrderForm.razor(438,93): warning CS8602: Dereference of a possibly null reference. [C:\Users\DELL\Downloads\tueday 30-12-25\EyeHospitalPOS\EyeHospitalPOS.csproj]
C:\Users\DELL\Downloads\tueday 30-12-25\EyeHospitalPOS\Pages\Inventory\PurchaseOrderForm.razor(453,93): warning CS8602: Dereference of a possibly null reference. [C:\Users\DELL\Downloads\tueday 30-12-25\EyeHospitalPOS\EyeHospitalPOS.csproj]
C:\Users\DELL\Downloads\tueday 30-12-25\EyeHospitalPOS\Pages\Inventory\PurchaseOrderForm.razor(468,79): warning CS8602: Dereference of a possibly null reference. [C:\Users\DELL\Downloads\tueday 30-12-25\EyeHospitalPOS\EyeHospitalPOS.csproj]
C:\Users\DELL\Downloads\tueday 30-12-25\EyeHospitalPOS\Services\CustomAuthenticationStateProvider.cs(76,71): warning CS8604: Possible null reference argument for parameter 'token' in 'ClaimsPrincipal? IJwtService.ValidateToken(string token)'. [C:\Users\DELL\Downloads\tueday 30-12-25\EyeHospitalPOS\EyeHospitalPOS.csproj]
C:\Users\DELL\Downloads\tueday 30-12-25\EyeHospitalPOS\Pages\InventorySetup\ItemLocationForm.razor(136,34): warning CS8620: Argument of type 'IIncludableQueryable<ItemLocation, ICollection<ProductLocation>?>' cannot be used for parameter 'source' of type 'IIncludableQueryable<ItemLocation, IEnumerable<ProductLocation>>' in 'IIncludableQueryable<ItemLocation, Product?> EntityFrameworkQueryableExtensions.ThenInclude<ItemLocation, ProductLocation, Product?>(IIncludableQueryable<ItemLocation, IEnumerable<ProductLocation>> source, Expression<Func<ProductLocation, Product?>> navigationPropertyPath)' due to differences in the nullability of reference types. [C:\Users\DELL\Downloads\tueday 30-12-25\EyeHospitalPOS\EyeHospitalPOS.csproj]
C:\Users\DELL\Downloads\tueday 30-12-25\EyeHospitalPOS\Pages\Inventory\PurchaseOrderForm.razor(494,35): warning CS8625: Cannot convert null literal to non-nullable reference type. [C:\Users\DELL\Downloads\tueday 30-12-25\EyeHospitalPOS\EyeHospitalPOS.csproj]
C:\Users\DELL\Downloads\tueday 30-12-25\EyeHospitalPOS\Pages\Inventory\PurchaseOrderForm.razor(527,48): warning CS8625: Cannot convert null literal to non-nullable reference type. [C:\Users\DELL\Downloads\tueday 30-12-25\EyeHospitalPOS\EyeHospitalPOS.csproj]
C:\Users\DELL\Downloads\tueday 30-12-25\EyeHospitalPOS\Pages\Sales\Invoices.razor(79,35): warning CS8602: Dereference of a possibly null reference. [C:\Users\DELL\Downloads\tueday 30-12-25\EyeHospitalPOS\EyeHospitalPOS.csproj]
C:\Users\DELL\Downloads\tueday 30-12-25\EyeHospitalPOS\Pages\Inventory\InventoryReceiving.razor(138,72): warning CS8602: Dereference of a possibly null reference. [C:\Users\DELL\Downloads\tueday 30-12-25\EyeHospitalPOS\EyeHospitalPOS.csproj]
C:\Users\DELL\Downloads\tueday 30-12-25\EyeHospitalPOS\Pages\Inventory\InventoryReceiving.razor(155,70): warning CS8602: Dereference of a possibly null reference. [C:\Users\DELL\Downloads\tueday 30-12-25\EyeHospitalPOS\EyeHospitalPOS.csproj]
C:\Users\DELL\Downloads\tueday 30-12-25\EyeHospitalPOS\Pages\Products\ProductList.razor(103,176): warning CS8625: Cannot convert null literal to non-nullable reference type. [C:\Users\DELL\Downloads\tueday 30-12-25\EyeHospitalPOS\EyeHospitalPOS.csproj]
C:\Users\DELL\Downloads\tueday 30-12-25\EyeHospitalPOS\Pages\Products\ProductList.razor(359,31): warning CS8625: Cannot convert null literal to non-nullable reference type. [C:\Users\DELL\Downloads\tueday 30-12-25\EyeHospitalPOS\EyeHospitalPOS.csproj]
C:\Users\DELL\Downloads\tueday 30-12-25\EyeHospitalPOS\Pages\Products\ProductList.razor(382,39): warning CS8625: Cannot convert null literal to non-nullable reference type. [C:\Users\DELL\Downloads\tueday 30-12-25\EyeHospitalPOS\EyeHospitalPOS.csproj]
C:\Users\DELL\Downloads\tueday 30-12-25\EyeHospitalPOS\Pages\Products\ProductList.razor(432,35): warning CS8625: Cannot convert null literal to non-nullable reference type. [C:\Users\DELL\Downloads\tueday 30-12-25\EyeHospitalPOS\EyeHospitalPOS.csproj]
C:\Users\DELL\Downloads\tueday 30-12-25\EyeHospitalPOS\Pages\Products\ProductList.razor(442,38): warning CS8604: Possible null reference argument for parameter 'product' in 'Task ProductList.FillProductFormAndEdit(Product product)'. [C:\Users\DELL\Downloads\tueday 30-12-25\EyeHospitalPOS\EyeHospitalPOS.csproj]
C:\Users\DELL\Downloads\tueday 30-12-25\EyeHospitalPOS\Pages\Products\ProductList.razor(304,43): warning CS8625: Cannot convert null literal to non-nullable reference type. [C:\Users\DELL\Downloads\tueday 30-12-25\EyeHospitalPOS\EyeHospitalPOS.csproj]
C:\Users\DELL\Downloads\tueday 30-12-25\EyeHospitalPOS\Pages\Products\ProductList.razor(295,19): warning CS8618: Non-nullable property 'Grid' must contain a non-null value when exiting constructor. Consider adding the 'required' modifier or declaring the property as nullable. [C:\Users\DELL\Downloads\tueday 30-12-25\EyeHospitalPOS\EyeHospitalPOS.csproj]
C:\Users\DELL\Downloads\tueday 30-12-25\EyeHospitalPOS\Pages\Navigation\Roles.razor(104,109): warning CS8602: Dereference of a possibly null reference. [C:\Users\DELL\Downloads\tueday 30-12-25\EyeHospitalPOS\EyeHospitalPOS.csproj]
C:\Users\DELL\Downloads\tueday 30-12-25\EyeHospitalPOS\Pages\Navigation\Roles.razor(421,20): warning CS8618: Non-nullable property 'Grid' must contain a non-null value when exiting constructor. Consider adding the 'required' modifier or declaring the property as nullable. [C:\Users\DELL\Downloads\tueday 30-12-25\EyeHospitalPOS\EyeHospitalPOS.csproj]
C:\Users\DELL\Downloads\tueday 30-12-25\EyeHospitalPOS\Pages\Inventory\InventoryReceivingForm.razor(400,28): warning CS8602: Dereference of a possibly null reference. [C:\Users\DELL\Downloads\tueday 30-12-25\EyeHospitalPOS\EyeHospitalPOS.csproj]
C:\Users\DELL\Downloads\tueday 30-12-25\EyeHospitalPOS\Pages\Inventory\InventoryReceivingForm.razor(400,23): warning CS8605: Unboxing a possibly null value. [C:\Users\DELL\Downloads\tueday 30-12-25\EyeHospitalPOS\EyeHospitalPOS.csproj]
C:\Users\DELL\Downloads\tueday 30-12-25\EyeHospitalPOS\Pages\Inventory\InventoryReceivingForm.razor(401,37): warning CS8602: Dereference of a possibly null reference. [C:\Users\DELL\Downloads\tueday 30-12-25\EyeHospitalPOS\EyeHospitalPOS.csproj]
C:\Users\DELL\Downloads\tueday 30-12-25\EyeHospitalPOS\Pages\Inventory\InventoryReceivingForm.razor(401,28): warning CS8605: Unboxing a possibly null value. [C:\Users\DELL\Downloads\tueday 30-12-25\EyeHospitalPOS\EyeHospitalPOS.csproj]
C:\Users\DELL\Downloads\tueday 30-12-25\EyeHospitalPOS\Pages\Inventory\InventoryReceivingForm.razor(403,13): warning CS8602: Dereference of a possibly null reference. [C:\Users\DELL\Downloads\tueday 30-12-25\EyeHospitalPOS\EyeHospitalPOS.csproj]
C:\Users\DELL\Downloads\tueday 30-12-25\EyeHospitalPOS\Pages\Inventory\InventoryReceivingForm.razor(484,94): warning CS8602: Dereference of a possibly null reference. [C:\Users\DELL\Downloads\tueday 30-12-25\EyeHospitalPOS\EyeHospitalPOS.csproj]
C:\Users\DELL\Downloads\tueday 30-12-25\EyeHospitalPOS\Pages\Inventory\InventoryReceivingForm.razor(500,96): warning CS8602: Dereference of a possibly null reference. [C:\Users\DELL\Downloads\tueday 30-12-25\EyeHospitalPOS\EyeHospitalPOS.csproj]
C:\Users\DELL\Downloads\tueday 30-12-25\EyeHospitalPOS\Pages\Inventory\InventoryReceivingForm.razor(516,80): warning CS8602: Dereference of a possibly null reference. [C:\Users\DELL\Downloads\tueday 30-12-25\EyeHospitalPOS\EyeHospitalPOS.csproj]
C:\Users\DELL\Downloads\tueday 30-12-25\EyeHospitalPOS\Pages\Inventory\InventoryReceivingForm.razor(535,35): warning CS8625: Cannot convert null literal to non-nullable reference type. [C:\Users\DELL\Downloads\tueday 30-12-25\EyeHospitalPOS\EyeHospitalPOS.csproj]
C:\Users\DELL\Downloads\tueday 30-12-25\EyeHospitalPOS\Pages\Inventory\InventoryReceivingForm.razor(567,58): warning CS8625: Cannot convert null literal to non-nullable reference type. [C:\Users\DELL\Downloads\tueday 30-12-25\EyeHospitalPOS\EyeHospitalPOS.csproj]
C:\Users\DELL\Downloads\tueday 30-12-25\EyeHospitalPOS\Components\CameraScannerModal.razor(141,33): warning CS0649: Field 'CameraScannerModal._jsModule' is never assigned to, and will always have its default value null [C:\Users\DELL\Downloads\tueday 30-12-25\EyeHospitalPOS\EyeHospitalPOS.csproj]
C:\Users\DELL\Downloads\tueday 30-12-25\EyeHospitalPOS\Shared\MainLayout.razor(47,18): warning CS0414: The field 'MainLayout.isInitialized' is assigned but its value is never used [C:\Users\DELL\Downloads\tueday 30-12-25\EyeHospitalPOS\EyeHospitalPOS.csproj]
C:\Users\DELL\Downloads\tueday 30-12-25\EyeHospitalPOS\Helper\CaptchaClass.cs(166,36): warning CA1416: This call site is reachable on all platforms. 'BitmapData.Stride' is only supported on: 'windows' 6.1 and later. (https://learn.microsoft.com/dotnet/fundamentals/code-analysis/quality-rules/ca1416) [C:\Users\DELL\Downloads\tueday 30-12-25\EyeHospitalPOS\EyeHospitalPOS.csproj]
C:\Users\DELL\Downloads\tueday 30-12-25\EyeHospitalPOS\Helper\CaptchaClass.cs(163,82): warning CA1416: This call site is reachable on all platforms. 'Image.Width' is only supported on: 'windows' 6.1 and later. (https://learn.microsoft.com/dotnet/fundamentals/code-analysis/quality-rules/ca1416) [C:\Users\DELL\Downloads\tueday 30-12-25\EyeHospitalPOS\EyeHospitalPOS.csproj]
C:\Users\DELL\Downloads\tueday 30-12-25\EyeHospitalPOS\Helper\CaptchaClass.cs(110,35): warning CA1416: This call site is reachable on all platforms. 'Pen' is only supported on: 'windows' 6.1 and later. (https://learn.microsoft.com/dotnet/fundamentals/code-analysis/quality-rules/ca1416) [C:\Users\DELL\Downloads\tueday 30-12-25\EyeHospitalPOS\EyeHospitalPOS.csproj]
C:\Users\DELL\Downloads\tueday 30-12-25\EyeHospitalPOS\Helper\CaptchaClass.cs(48,37): warning CA1416: This call site is reachable on all platforms. 'Graphics.FromImage(Image)' is only supported on: 'windows' 6.1 and later. (https://learn.microsoft.com/dotnet/fundamentals/code-analysis/quality-rules/ca1416) [C:\Users\DELL\Downloads\tueday 30-12-25\EyeHospitalPOS\EyeHospitalPOS.csproj]
C:\Users\DELL\Downloads\tueday 30-12-25\EyeHospitalPOS\Helper\CaptchaClass.cs(163,114): warning CA1416: This call site is reachable on all platforms. 'ImageLockMode.ReadWrite' is only supported on: 'windows' 6.1 and later. (https://learn.microsoft.com/dotnet/fundamentals/code-analysis/quality-rules/ca1416) [C:\Users\DELL\Downloads\tueday 30-12-25\EyeHospitalPOS\EyeHospitalPOS.csproj]
C:\Users\DELL\Downloads\tueday 30-12-25\EyeHospitalPOS\Helper\CaptchaClass.cs(126,35): warning CA1416: This call site is reachable on all platforms. 'Image.Height' is only supported on: 'windows' 6.1 and later. (https://learn.microsoft.com/dotnet/fundamentals/code-analysis/quality-rules/ca1416) [C:\Users\DELL\Downloads\tueday 30-12-25\EyeHospitalPOS\EyeHospitalPOS.csproj]
C:\Users\DELL\Downloads\tueday 30-12-25\EyeHospitalPOS\Helper\CaptchaClass.cs(104,25): warning CA1416: This call site is reachable on all platforms. 'Graphics.DrawString(string?, Font, Brush, float, float)' is only supported on: 'windows' 6.1 and later. (https://learn.microsoft.com/dotnet/fundamentals/code-analysis/quality-rules/ca1416) [C:\Users\DELL\Downloads\tueday 30-12-25\EyeHospitalPOS\EyeHospitalPOS.csproj]
C:\Users\DELL\Downloads\tueday 30-12-25\EyeHospitalPOS\Helper\CaptchaClass.cs(163,45): warning CA1416: This call site is reachable on all platforms. 'Bitmap.LockBits(Rectangle, ImageLockMode, PixelFormat)' is only supported on: 'windows' 6.1 and later. (https://learn.microsoft.com/dotnet/fundamentals/code-analysis/quality-rules/ca1416) [C:\Users\DELL\Downloads\tueday 30-12-25\EyeHospitalPOS\EyeHospitalPOS.csproj]
C:\Users\DELL\Downloads\tueday 30-12-25\EyeHospitalPOS\Helper\CaptchaClass.cs(168,36): warning CA1416: This call site is reachable on all platforms. 'BitmapData.Scan0' is only supported on: 'windows' 6.1 and later. (https://learn.microsoft.com/dotnet/fundamentals/code-analysis/quality-rules/ca1416) [C:\Users\DELL\Downloads\tueday 30-12-25\EyeHospitalPOS\EyeHospitalPOS.csproj]
C:\Users\DELL\Downloads\tueday 30-12-25\EyeHospitalPOS\Helper\CaptchaClass.cs(125,34): warning CA1416: This call site is reachable on all platforms. 'Image.Width' is only supported on: 'windows' 6.1 and later. (https://learn.microsoft.com/dotnet/fundamentals/code-analysis/quality-rules/ca1416) [C:\Users\DELL\Downloads\tueday 30-12-25\EyeHospitalPOS\EyeHospitalPOS.csproj]
C:\Users\DELL\Downloads\tueday 30-12-25\EyeHospitalPOS\Helper\CaptchaClass.cs(117,25): warning CA1416: This call site is reachable on all platforms. 'Graphics.DrawLine(Pen, Point, Point)' is only supported on: 'windows' 6.1 and later. (https://learn.microsoft.com/dotnet/fundamentals/code-analysis/quality-rules/ca1416) [C:\Users\DELL\Downloads\tueday 30-12-25\EyeHospitalPOS\EyeHospitalPOS.csproj]
C:\Users\DELL\Downloads\tueday 30-12-25\EyeHospitalPOS\Helper\CaptchaClass.cs(60,34): warning CA1416: This call site is reachable on all platforms. 'ImageFormat.Png' is only supported on: 'windows' 6.1 and later. (https://learn.microsoft.com/dotnet/fundamentals/code-analysis/quality-rules/ca1416) [C:\Users\DELL\Downloads\tueday 30-12-25\EyeHospitalPOS\EyeHospitalPOS.csproj]
C:\Users\DELL\Downloads\tueday 30-12-25\EyeHospitalPOS\Helper\CaptchaClass.cs(90,44): warning CA1416: This call site is reachable on all platforms. 'SolidBrush' is only supported on: 'windows' 6.1 and later. (https://learn.microsoft.com/dotnet/fundamentals/code-analysis/quality-rules/ca1416) [C:\Users\DELL\Downloads\tueday 30-12-25\EyeHospitalPOS\EyeHospitalPOS.csproj]
C:\Users\DELL\Downloads\tueday 30-12-25\EyeHospitalPOS\Helper\CaptchaClass.cs(163,97): warning CA1416: This call site is reachable on all platforms. 'Image.Height' is only supported on: 'windows' 6.1 and later. (https://learn.microsoft.com/dotnet/fundamentals/code-analysis/quality-rules/ca1416) [C:\Users\DELL\Downloads\tueday 30-12-25\EyeHospitalPOS\EyeHospitalPOS.csproj]
C:\Users\DELL\Downloads\tueday 30-12-25\EyeHospitalPOS\Helper\CaptchaClass.cs(92,42): warning CA1416: This call site is reachable on all platforms. 'FontFamily.GenericSerif' is only supported on: 'windows' 6.1 and later. (https://learn.microsoft.com/dotnet/fundamentals/code-analysis/quality-rules/ca1416) [C:\Users\DELL\Downloads\tueday 30-12-25\EyeHospitalPOS\EyeHospitalPOS.csproj]
C:\Users\DELL\Downloads\tueday 30-12-25\EyeHospitalPOS\Helper\CaptchaClass.cs(47,37): warning CA1416: This call site is reachable on all platforms. 'Bitmap' is only supported on: 'windows' 6.1 and later. (https://learn.microsoft.com/dotnet/fundamentals/code-analysis/quality-rules/ca1416) [C:\Users\DELL\Downloads\tueday 30-12-25\EyeHospitalPOS\EyeHospitalPOS.csproj]
C:\Users\DELL\Downloads\tueday 30-12-25\EyeHospitalPOS\Helper\CaptchaClass.cs(173,21): warning CA1416: This call site is reachable on all platforms. 'Bitmap.UnlockBits(BitmapData)' is only supported on: 'windows' 6.1 and later. (https://learn.microsoft.com/dotnet/fundamentals/code-analysis/quality-rules/ca1416) [C:\Users\DELL\Downloads\tueday 30-12-25\EyeHospitalPOS\EyeHospitalPOS.csproj]
C:\Users\DELL\Downloads\tueday 30-12-25\EyeHospitalPOS\Helper\CaptchaClass.cs(110,43): warning CA1416: This call site is reachable on all platforms. 'SolidBrush' is only supported on: 'windows' 6.1 and later. (https://learn.microsoft.com/dotnet/fundamentals/code-analysis/quality-rules/ca1416) [C:\Users\DELL\Downloads\tueday 30-12-25\EyeHospitalPOS\EyeHospitalPOS.csproj]
C:\Users\DELL\Downloads\tueday 30-12-25\EyeHospitalPOS\Helper\CaptchaClass.cs(113,25): warning CA1416: This call site is reachable on all platforms. 'Pen.Color' is only supported on: 'windows' 6.1 and later. (https://learn.microsoft.com/dotnet/fundamentals/code-analysis/quality-rules/ca1416) [C:\Users\DELL\Downloads\tueday 30-12-25\EyeHospitalPOS\EyeHospitalPOS.csproj]
C:\Users\DELL\Downloads\tueday 30-12-25\EyeHospitalPOS\Helper\CaptchaClass.cs(95,25): warning CA1416: This call site is reachable on all platforms. 'SolidBrush.Color' is only supported on: 'windows' 6.1 and later. (https://learn.microsoft.com/dotnet/fundamentals/code-analysis/quality-rules/ca1416) [C:\Users\DELL\Downloads\tueday 30-12-25\EyeHospitalPOS\EyeHospitalPOS.csproj]
C:\Users\DELL\Downloads\tueday 30-12-25\EyeHospitalPOS\Helper\CaptchaClass.cs(92,33): warning CA1416: This call site is reachable on all platforms. 'Font' is only supported on: 'windows' 6.1 and later. (https://learn.microsoft.com/dotnet/fundamentals/code-analysis/quality-rules/ca1416) [C:\Users\DELL\Downloads\tueday 30-12-25\EyeHospitalPOS\EyeHospitalPOS.csproj]
C:\Users\DELL\Downloads\tueday 30-12-25\EyeHospitalPOS\Helper\CaptchaClass.cs(164,74): warning CA1416: This call site is reachable on all platforms. 'Image.Width' is only supported on: 'windows' 6.1 and later. (https://learn.microsoft.com/dotnet/fundamentals/code-analysis/quality-rules/ca1416) [C:\Users\DELL\Downloads\tueday 30-12-25\EyeHospitalPOS\EyeHospitalPOS.csproj]
C:\Users\DELL\Downloads\tueday 30-12-25\EyeHospitalPOS\Helper\CaptchaClass.cs(164,100): warning CA1416: This call site is reachable on all platforms. 'ImageLockMode.ReadWrite' is only supported on: 'windows' 6.1 and later. (https://learn.microsoft.com/dotnet/fundamentals/code-analysis/quality-rules/ca1416) [C:\Users\DELL\Downloads\tueday 30-12-25\EyeHospitalPOS\EyeHospitalPOS.csproj]
C:\Users\DELL\Downloads\tueday 30-12-25\EyeHospitalPOS\Helper\CaptchaClass.cs(92,93): warning CA1416: This call site is reachable on all platforms. 'GraphicsUnit.Pixel' is only supported on: 'windows' 6.1 and later. (https://learn.microsoft.com/dotnet/fundamentals/code-analysis/quality-rules/ca1416) [C:\Users\DELL\Downloads\tueday 30-12-25\EyeHospitalPOS\EyeHospitalPOS.csproj]
C:\Users\DELL\Downloads\tueday 30-12-25\EyeHospitalPOS\Helper\CaptchaClass.cs(169,39): warning CA1416: This call site is reachable on all platforms. 'BitmapData.Scan0' is only supported on: 'windows' 6.1 and later. (https://learn.microsoft.com/dotnet/fundamentals/code-analysis/quality-rules/ca1416) [C:\Users\DELL\Downloads\tueday 30-12-25\EyeHospitalPOS\EyeHospitalPOS.csproj]
C:\Users\DELL\Downloads\tueday 30-12-25\EyeHospitalPOS\Helper\CaptchaClass.cs(174,21): warning CA1416: This call site is reachable on all platforms. 'Image.Dispose()' is only supported on: 'windows' 6.1 and later. (https://learn.microsoft.com/dotnet/fundamentals/code-analysis/quality-rules/ca1416) [C:\Users\DELL\Downloads\tueday 30-12-25\EyeHospitalPOS\EyeHospitalPOS.csproj]
C:\Users\DELL\Downloads\tueday 30-12-25\EyeHospitalPOS\Helper\CaptchaClass.cs(161,43): warning CA1416: This call site is reachable on all platforms. 'Image.Clone()' is only supported on: 'windows' 6.1 and later. (https://learn.microsoft.com/dotnet/fundamentals/code-analysis/quality-rules/ca1416) [C:\Users\DELL\Downloads\tueday 30-12-25\EyeHospitalPOS\EyeHospitalPOS.csproj]
C:\Users\DELL\Downloads\tueday 30-12-25\EyeHospitalPOS\Helper\CaptchaClass.cs(92,77): warning CA1416: This call site is reachable on all platforms. 'FontStyle.Bold' is only supported on: 'windows' 6.1 and later. (https://learn.microsoft.com/dotnet/fundamentals/code-analysis/quality-rules/ca1416) [C:\Users\DELL\Downloads\tueday 30-12-25\EyeHospitalPOS\EyeHospitalPOS.csproj]
C:\Users\DELL\Downloads\tueday 30-12-25\EyeHospitalPOS\Helper\CaptchaClass.cs(52,17): warning CA1416: This call site is reachable on all platforms. 'Graphics.Clear(Color)' is only supported on: 'windows' 6.1 and later. (https://learn.microsoft.com/dotnet/fundamentals/code-analysis/quality-rules/ca1416) [C:\Users\DELL\Downloads\tueday 30-12-25\EyeHospitalPOS\EyeHospitalPOS.csproj]
C:\Users\DELL\Downloads\tueday 30-12-25\EyeHospitalPOS\Helper\CaptchaClass.cs(172,21): warning CA1416: This call site is reachable on all platforms. 'Bitmap.UnlockBits(BitmapData)' is only supported on: 'windows' 6.1 and later. (https://learn.microsoft.com/dotnet/fundamentals/code-analysis/quality-rules/ca1416) [C:\Users\DELL\Downloads\tueday 30-12-25\EyeHospitalPOS\EyeHospitalPOS.csproj]
C:\Users\DELL\Downloads\tueday 30-12-25\EyeHospitalPOS\Helper\CaptchaClass.cs(164,86): warning CA1416: This call site is reachable on all platforms. 'Image.Height' is only supported on: 'windows' 6.1 and later. (https://learn.microsoft.com/dotnet/fundamentals/code-analysis/quality-rules/ca1416) [C:\Users\DELL\Downloads\tueday 30-12-25\EyeHospitalPOS\EyeHospitalPOS.csproj]
C:\Users\DELL\Downloads\tueday 30-12-25\EyeHospitalPOS\Helper\CaptchaClass.cs(163,139): warning CA1416: This call site is reachable on all platforms. 'PixelFormat.Format24bppRgb' is only supported on: 'windows' 6.1 and later. (https://learn.microsoft.com/dotnet/fundamentals/code-analysis/quality-rules/ca1416) [C:\Users\DELL\Downloads\tueday 30-12-25\EyeHospitalPOS\EyeHospitalPOS.csproj]
C:\Users\DELL\Downloads\tueday 30-12-25\EyeHospitalPOS\Helper\CaptchaClass.cs(60,17): warning CA1416: This call site is reachable on all platforms. 'Image.Save(Stream, ImageFormat)' is only supported on: 'windows' 6.1 and later. (https://learn.microsoft.com/dotnet/fundamentals/code-analysis/quality-rules/ca1416) [C:\Users\DELL\Downloads\tueday 30-12-25\EyeHospitalPOS\EyeHospitalPOS.csproj]
C:\Users\DELL\Downloads\tueday 30-12-25\EyeHospitalPOS\Helper\CaptchaClass.cs(164,40): warning CA1416: This call site is reachable on all platforms. 'Bitmap.LockBits(Rectangle, ImageLockMode, PixelFormat)' is only supported on: 'windows' 6.1 and later. (https://learn.microsoft.com/dotnet/fundamentals/code-analysis/quality-rules/ca1416) [C:\Users\DELL\Downloads\tueday 30-12-25\EyeHospitalPOS\EyeHospitalPOS.csproj]
C:\Users\DELL\Downloads\tueday 30-12-25\EyeHospitalPOS\Helper\CaptchaClass.cs(164,125): warning CA1416: This call site is reachable on all platforms. 'PixelFormat.Format24bppRgb' is only supported on: 'windows' 6.1 and later. (https://learn.microsoft.com/dotnet/fundamentals/code-analysis/quality-rules/ca1416) [C:\Users\DELL\Downloads\tueday 30-12-25\EyeHospitalPOS\EyeHospitalPOS.csproj]
C:\Users\DELL\Downloads\tueday 30-12-25\EyeHospitalPOS\Services\BarcodeService.cs(98,47): error CS0246: The type or namespace name 'BitmapLuminanceSource' could not be found (are you missing a using directive or an assembly reference?) [C:\Users\DELL\Downloads\tueday 30-12-25\EyeHospitalPOS\EyeHospitalPOS.csproj]
C:\Users\DELL\Downloads\tueday 30-12-25\EyeHospitalPOS\Services\BarcodeService.cs(104,54): error CS1503: Argument 1: cannot convert from 'ZXing.Common.BitMatrix' to 'ZXing.BinaryBitmap' [C:\Users\DELL\Downloads\tueday 30-12-25\EyeHospitalPOS\EyeHospitalPOS.csproj]
C:\Users\DELL\Downloads\tueday 30-12-25\EyeHospitalPOS\Services\BarcodeService.cs(104,65): error CS1503: Argument 2: cannot convert from 'ZXing.Common.DecodingOptions' to 'System.Collections.Generic.IDictionary<ZXing.DecodeHintType, object>' [C:\Users\DELL\Downloads\tueday 30-12-25\EyeHospitalPOS\EyeHospitalPOS.csproj]
C:\Users\DELL\Downloads\tueday 30-12-25\EyeHospitalPOS\Services\BarcodeService.cs(148,47): error CS0246: The type or namespace name 'BitmapLuminanceSource' could not be found (are you missing a using directive or an assembly reference?) [C:\Users\DELL\Downloads\tueday 30-12-25\EyeHospitalPOS\EyeHospitalPOS.csproj]
C:\Users\DELL\Downloads\tueday 30-12-25\EyeHospitalPOS\Services\BarcodeService.cs(154,54): error CS1503: Argument 1: cannot convert from 'ZXing.Common.BitMatrix' to 'ZXing.BinaryBitmap' [C:\Users\DELL\Downloads\tueday 30-12-25\EyeHospitalPOS\EyeHospitalPOS.csproj]
C:\Users\DELL\Downloads\tueday 30-12-25\EyeHospitalPOS\Services\BarcodeService.cs(154,65): error CS1503: Argument 2: cannot convert from 'ZXing.Common.DecodingOptions' to 'System.Collections.Generic.IDictionary<ZXing.DecodeHintType, object>' [C:\Users\DELL\Downloads\tueday 30-12-25\EyeHospitalPOS\EyeHospitalPOS.csproj]
    104 Warning(s)
    6 Error(s)

Time Elapsed 00:00:09.35
